[2022-08-30T02:02:42.470+0900][gc,heap] Heap region size: 1M
[2022-08-30T02:02:42.472+0900][gc     ] Using G1
[2022-08-30T02:02:42.472+0900][gc,heap,coops] Heap address: 0x0000000780000000, size: 1024 MB, Compressed Oops mode: Zero based, Oop shift amount: 3
[2022-08-30T02:02:42.965+0900][gc,start     ] GC(0) Pause Young (Concurrent Start) (Metadata GC Threshold)
[2022-08-30T02:02:42.965+0900][gc,task      ] GC(0) Using 9 workers of 9 for evacuation
[2022-08-30T02:02:42.969+0900][gc,phases    ] GC(0)   Pre Evacuate Collection Set: 0.0ms
[2022-08-30T02:02:42.969+0900][gc,phases    ] GC(0)   Evacuate Collection Set: 3.5ms
[2022-08-30T02:02:42.969+0900][gc,phases    ] GC(0)   Post Evacuate Collection Set: 0.2ms
[2022-08-30T02:02:42.969+0900][gc,phases    ] GC(0)   Other: 0.3ms
[2022-08-30T02:02:42.969+0900][gc,heap      ] GC(0) Eden regions: 45->0(44)
[2022-08-30T02:02:42.969+0900][gc,heap      ] GC(0) Survivor regions: 0->7(7)
[2022-08-30T02:02:42.969+0900][gc,heap      ] GC(0) Old regions: 0->0
[2022-08-30T02:02:42.969+0900][gc,heap      ] GC(0) Humongous regions: 0->0
[2022-08-30T02:02:42.969+0900][gc,metaspace ] GC(0) Metaspace: 20642K->20642K(1067008K)
[2022-08-30T02:02:42.969+0900][gc           ] GC(0) Pause Young (Concurrent Start) (Metadata GC Threshold) 45M->6M(1024M) 4.096ms
[2022-08-30T02:02:42.969+0900][gc,cpu       ] GC(0) User=0.01s Sys=0.00s Real=0.00s
[2022-08-30T02:02:42.969+0900][gc           ] GC(1) Concurrent Cycle
[2022-08-30T02:02:42.969+0900][gc,marking   ] GC(1) Concurrent Clear Claimed Marks
[2022-08-30T02:02:42.969+0900][gc,marking   ] GC(1) Concurrent Clear Claimed Marks 0.013ms
[2022-08-30T02:02:42.969+0900][gc,marking   ] GC(1) Concurrent Scan Root Regions
[2022-08-30T02:02:42.970+0900][gc,marking   ] GC(1) Concurrent Scan Root Regions 0.863ms
[2022-08-30T02:02:42.970+0900][gc,marking   ] GC(1) Concurrent Mark (0.504s)
[2022-08-30T02:02:42.970+0900][gc,marking   ] GC(1) Concurrent Mark From Roots
[2022-08-30T02:02:42.970+0900][gc,task      ] GC(1) Using 2 workers of 2 for marking
[2022-08-30T02:02:42.970+0900][gc,marking   ] GC(1) Concurrent Mark From Roots 0.140ms
[2022-08-30T02:02:42.970+0900][gc,marking   ] GC(1) Concurrent Preclean
[2022-08-30T02:02:42.970+0900][gc,marking   ] GC(1) Concurrent Preclean 0.015ms
[2022-08-30T02:02:42.970+0900][gc,marking   ] GC(1) Concurrent Mark (0.504s, 0.504s) 0.173ms
[2022-08-30T02:02:42.970+0900][gc,start     ] GC(1) Pause Remark
[2022-08-30T02:02:42.971+0900][gc,stringtable] GC(1) Cleaned string and symbol table, strings: 7375 processed, 0 removed, symbols: 64218 processed, 42 removed
[2022-08-30T02:02:42.971+0900][gc            ] GC(1) Pause Remark 7M->7M(1024M) 0.868ms
[2022-08-30T02:02:42.971+0900][gc,cpu        ] GC(1) User=0.00s Sys=0.00s Real=0.00s
[2022-08-30T02:02:42.971+0900][gc,marking    ] GC(1) Concurrent Rebuild Remembered Sets
[2022-08-30T02:02:42.971+0900][gc,marking    ] GC(1) Concurrent Rebuild Remembered Sets 0.024ms
[2022-08-30T02:02:42.971+0900][gc,start      ] GC(1) Pause Cleanup
[2022-08-30T02:02:42.971+0900][gc            ] GC(1) Pause Cleanup 7M->7M(1024M) 0.126ms
[2022-08-30T02:02:42.971+0900][gc,cpu        ] GC(1) User=0.00s Sys=0.00s Real=0.00s
[2022-08-30T02:02:42.971+0900][gc,marking    ] GC(1) Concurrent Cleanup for Next Mark
[2022-08-30T02:02:42.973+0900][gc,marking    ] GC(1) Concurrent Cleanup for Next Mark 1.174ms
[2022-08-30T02:02:42.973+0900][gc            ] GC(1) Concurrent Cycle 3.576ms
[2022-08-30T02:02:43.755+0900][gc,start      ] GC(2) Pause Young (Normal) (G1 Evacuation Pause)
[2022-08-30T02:02:43.755+0900][gc,task       ] GC(2) Using 9 workers of 9 for evacuation
[2022-08-30T02:02:43.760+0900][gc,phases     ] GC(2)   Pre Evacuate Collection Set: 0.0ms
[2022-08-30T02:02:43.760+0900][gc,phases     ] GC(2)   Evacuate Collection Set: 3.8ms
[2022-08-30T02:02:43.760+0900][gc,phases     ] GC(2)   Post Evacuate Collection Set: 0.3ms
[2022-08-30T02:02:43.760+0900][gc,phases     ] GC(2)   Other: 0.1ms
[2022-08-30T02:02:43.760+0900][gc,heap       ] GC(2) Eden regions: 44->0(49)
[2022-08-30T02:02:43.760+0900][gc,heap       ] GC(2) Survivor regions: 7->2(7)
[2022-08-30T02:02:43.760+0900][gc,heap       ] GC(2) Old regions: 0->7
[2022-08-30T02:02:43.760+0900][gc,heap       ] GC(2) Humongous regions: 0->0
[2022-08-30T02:02:43.760+0900][gc,metaspace  ] GC(2) Metaspace: 30731K->30731K(1077248K)
[2022-08-30T02:02:43.760+0900][gc            ] GC(2) Pause Young (Normal) (G1 Evacuation Pause) 50M->8M(1024M) 4.321ms
[2022-08-30T02:02:43.760+0900][gc,cpu        ] GC(2) User=0.03s Sys=0.00s Real=0.01s
[2022-08-30T02:02:44.952+0900][gc,start      ] GC(3) Pause Young (Concurrent Start) (Metadata GC Threshold)
[2022-08-30T02:02:44.952+0900][gc,task       ] GC(3) Using 9 workers of 9 for evacuation
[2022-08-30T02:02:44.954+0900][gc,phases     ] GC(3)   Pre Evacuate Collection Set: 0.0ms
[2022-08-30T02:02:44.954+0900][gc,phases     ] GC(3)   Evacuate Collection Set: 1.3ms
[2022-08-30T02:02:44.954+0900][gc,phases     ] GC(3)   Post Evacuate Collection Set: 0.2ms
[2022-08-30T02:02:44.954+0900][gc,phases     ] GC(3)   Other: 0.1ms
[2022-08-30T02:02:44.954+0900][gc,heap       ] GC(3) Eden regions: 27->0(47)
[2022-08-30T02:02:44.954+0900][gc,heap       ] GC(3) Survivor regions: 2->4(7)
[2022-08-30T02:02:44.954+0900][gc,heap       ] GC(3) Old regions: 7->7
[2022-08-30T02:02:44.954+0900][gc,heap       ] GC(3) Humongous regions: 129->129
[2022-08-30T02:02:44.954+0900][gc,metaspace  ] GC(3) Metaspace: 34727K->34727K(1081344K)
[2022-08-30T02:02:44.954+0900][gc            ] GC(3) Pause Young (Concurrent Start) (Metadata GC Threshold) 164M->138M(1024M) 1.730ms
[2022-08-30T02:02:44.954+0900][gc,cpu        ] GC(3) User=0.01s Sys=0.00s Real=0.00s
[2022-08-30T02:02:44.954+0900][gc            ] GC(4) Concurrent Cycle
[2022-08-30T02:02:44.954+0900][gc,marking    ] GC(4) Concurrent Clear Claimed Marks
[2022-08-30T02:02:44.954+0900][gc,marking    ] GC(4) Concurrent Clear Claimed Marks 0.017ms
[2022-08-30T02:02:44.954+0900][gc,marking    ] GC(4) Concurrent Scan Root Regions
[2022-08-30T02:02:44.955+0900][gc,marking    ] GC(4) Concurrent Scan Root Regions 0.736ms
[2022-08-30T02:02:44.955+0900][gc,marking    ] GC(4) Concurrent Mark (2.489s)
[2022-08-30T02:02:44.955+0900][gc,marking    ] GC(4) Concurrent Mark From Roots
[2022-08-30T02:02:44.955+0900][gc,task       ] GC(4) Using 2 workers of 2 for marking
[2022-08-30T02:02:44.957+0900][gc,marking    ] GC(4) Concurrent Mark From Roots 2.037ms
[2022-08-30T02:02:44.957+0900][gc,marking    ] GC(4) Concurrent Preclean
[2022-08-30T02:02:44.957+0900][gc,marking    ] GC(4) Concurrent Preclean 0.025ms
[2022-08-30T02:02:44.957+0900][gc,marking    ] GC(4) Concurrent Mark (2.489s, 2.491s) 2.082ms
[2022-08-30T02:02:44.957+0900][gc,start      ] GC(4) Pause Remark
[2022-08-30T02:02:44.958+0900][gc,stringtable] GC(4) Cleaned string and symbol table, strings: 10917 processed, 11 removed, symbols: 96504 processed, 30 removed
[2022-08-30T02:02:44.958+0900][gc            ] GC(4) Pause Remark 139M->139M(1024M) 1.124ms
[2022-08-30T02:02:44.958+0900][gc,cpu        ] GC(4) User=0.00s Sys=0.00s Real=0.00s
[2022-08-30T02:02:44.958+0900][gc,marking    ] GC(4) Concurrent Rebuild Remembered Sets
[2022-08-30T02:02:44.960+0900][gc,marking    ] GC(4) Concurrent Rebuild Remembered Sets 1.721ms
[2022-08-30T02:02:44.960+0900][gc,start      ] GC(4) Pause Cleanup
[2022-08-30T02:02:44.960+0900][gc            ] GC(4) Pause Cleanup 140M->140M(1024M) 0.097ms
[2022-08-30T02:02:44.960+0900][gc,cpu        ] GC(4) User=0.00s Sys=0.00s Real=0.00s
[2022-08-30T02:02:44.960+0900][gc,marking    ] GC(4) Concurrent Cleanup for Next Mark
[2022-08-30T02:02:44.961+0900][gc,marking    ] GC(4) Concurrent Cleanup for Next Mark 1.169ms
[2022-08-30T02:02:44.961+0900][gc            ] GC(4) Concurrent Cycle 7.232ms
[2022-08-30T02:02:45.253+0900][gc,start      ] GC(5) Pause Young (Normal) (G1 Evacuation Pause)
[2022-08-30T02:02:45.253+0900][gc,task       ] GC(5) Using 9 workers of 9 for evacuation
[2022-08-30T02:02:45.255+0900][gc,phases     ] GC(5)   Pre Evacuate Collection Set: 0.0ms
[2022-08-30T02:02:45.255+0900][gc,phases     ] GC(5)   Evacuate Collection Set: 2.2ms
[2022-08-30T02:02:45.255+0900][gc,phases     ] GC(5)   Post Evacuate Collection Set: 0.2ms
[2022-08-30T02:02:45.255+0900][gc,phases     ] GC(5)   Other: 0.1ms
[2022-08-30T02:02:45.255+0900][gc,heap       ] GC(5) Eden regions: 47->0(44)
[2022-08-30T02:02:45.255+0900][gc,heap       ] GC(5) Survivor regions: 4->7(7)
[2022-08-30T02:02:45.255+0900][gc,heap       ] GC(5) Old regions: 7->7
[2022-08-30T02:02:45.255+0900][gc,heap       ] GC(5) Humongous regions: 129->129
[2022-08-30T02:02:45.255+0900][gc,metaspace  ] GC(5) Metaspace: 42807K->42807K(1087488K)
[2022-08-30T02:02:45.255+0900][gc            ] GC(5) Pause Young (Normal) (G1 Evacuation Pause) 185M->142M(1024M) 2.570ms
[2022-08-30T02:02:45.255+0900][gc,cpu        ] GC(5) User=0.01s Sys=0.00s Real=0.00s
[2022-08-30T02:02:52.676+0900][gc,heap,exit  ] Heap
[2022-08-30T02:02:52.676+0900][gc,heap,exit  ]  garbage-first heap   total 1048576K, used 189622K [0x0000000780000000, 0x00000007c0000000)
[2022-08-30T02:02:52.676+0900][gc,heap,exit  ]   region size 1024K, 46 young (47104K), 7 survivors (7168K)
[2022-08-30T02:02:52.676+0900][gc,heap,exit  ]  Metaspace       used 48146K, capacity 50385K, committed 50560K, reserved 1091584K
[2022-08-30T02:02:52.676+0900][gc,heap,exit  ]   class space    used 6365K, capacity 7486K, committed 7552K, reserved 1048576K
