[2022-08-28T16:04:52.152+0900][gc,heap] Heap region size: 1M
[2022-08-28T16:04:52.154+0900][gc     ] Using G1
[2022-08-28T16:04:52.154+0900][gc,heap,coops] Heap address: 0x0000000780000000, size: 1024 MB, Compressed Oops mode: Zero based, Oop shift amount: 3
[2022-08-28T16:04:52.716+0900][gc,start     ] GC(0) Pause Young (Concurrent Start) (Metadata GC Threshold)
[2022-08-28T16:04:52.717+0900][gc,task      ] GC(0) Using 9 workers of 9 for evacuation
[2022-08-28T16:04:52.720+0900][gc,phases    ] GC(0)   Pre Evacuate Collection Set: 0.0ms
[2022-08-28T16:04:52.720+0900][gc,phases    ] GC(0)   Evacuate Collection Set: 3.5ms
[2022-08-28T16:04:52.720+0900][gc,phases    ] GC(0)   Post Evacuate Collection Set: 0.2ms
[2022-08-28T16:04:52.720+0900][gc,phases    ] GC(0)   Other: 0.4ms
[2022-08-28T16:04:52.720+0900][gc,heap      ] GC(0) Eden regions: 44->0(44)
[2022-08-28T16:04:52.720+0900][gc,heap      ] GC(0) Survivor regions: 0->7(7)
[2022-08-28T16:04:52.720+0900][gc,heap      ] GC(0) Old regions: 0->0
[2022-08-28T16:04:52.720+0900][gc,heap      ] GC(0) Humongous regions: 0->0
[2022-08-28T16:04:52.721+0900][gc,metaspace ] GC(0) Metaspace: 20643K->20643K(1067008K)
[2022-08-28T16:04:52.721+0900][gc           ] GC(0) Pause Young (Concurrent Start) (Metadata GC Threshold) 44M->6M(1024M) 4.232ms
[2022-08-28T16:04:52.721+0900][gc,cpu       ] GC(0) User=0.00s Sys=0.00s Real=0.01s
[2022-08-28T16:04:52.721+0900][gc           ] GC(1) Concurrent Cycle
[2022-08-28T16:04:52.721+0900][gc,marking   ] GC(1) Concurrent Clear Claimed Marks
[2022-08-28T16:04:52.721+0900][gc,marking   ] GC(1) Concurrent Clear Claimed Marks 0.015ms
[2022-08-28T16:04:52.721+0900][gc,marking   ] GC(1) Concurrent Scan Root Regions
[2022-08-28T16:04:52.722+0900][gc,marking   ] GC(1) Concurrent Scan Root Regions 0.878ms
[2022-08-28T16:04:52.722+0900][gc,marking   ] GC(1) Concurrent Mark (0.583s)
[2022-08-28T16:04:52.722+0900][gc,marking   ] GC(1) Concurrent Mark From Roots
[2022-08-28T16:04:52.722+0900][gc,task      ] GC(1) Using 2 workers of 2 for marking
[2022-08-28T16:04:52.722+0900][gc,marking   ] GC(1) Concurrent Mark From Roots 0.088ms
[2022-08-28T16:04:52.722+0900][gc,marking   ] GC(1) Concurrent Preclean
[2022-08-28T16:04:52.722+0900][gc,marking   ] GC(1) Concurrent Preclean 0.021ms
[2022-08-28T16:04:52.722+0900][gc,marking   ] GC(1) Concurrent Mark (0.583s, 0.583s) 0.145ms
[2022-08-28T16:04:52.722+0900][gc,start     ] GC(1) Pause Remark
[2022-08-28T16:04:52.723+0900][gc,stringtable] GC(1) Cleaned string and symbol table, strings: 7388 processed, 0 removed, symbols: 64218 processed, 42 removed
[2022-08-28T16:04:52.723+0900][gc            ] GC(1) Pause Remark 7M->7M(1024M) 0.884ms
[2022-08-28T16:04:52.723+0900][gc,cpu        ] GC(1) User=0.00s Sys=0.00s Real=0.00s
[2022-08-28T16:04:52.723+0900][gc,marking    ] GC(1) Concurrent Rebuild Remembered Sets
[2022-08-28T16:04:52.723+0900][gc,marking    ] GC(1) Concurrent Rebuild Remembered Sets 0.027ms
[2022-08-28T16:04:52.723+0900][gc,start      ] GC(1) Pause Cleanup
[2022-08-28T16:04:52.723+0900][gc            ] GC(1) Pause Cleanup 7M->7M(1024M) 0.169ms
[2022-08-28T16:04:52.723+0900][gc,cpu        ] GC(1) User=0.00s Sys=0.00s Real=0.00s
[2022-08-28T16:04:52.723+0900][gc,marking    ] GC(1) Concurrent Cleanup for Next Mark
[2022-08-28T16:04:52.724+0900][gc,marking    ] GC(1) Concurrent Cleanup for Next Mark 1.288ms
[2022-08-28T16:04:52.724+0900][gc            ] GC(1) Concurrent Cycle 3.747ms
[2022-08-28T16:04:53.394+0900][gc,start      ] GC(2) Pause Young (Normal) (G1 Evacuation Pause)
[2022-08-28T16:04:53.394+0900][gc,task       ] GC(2) Using 9 workers of 9 for evacuation
[2022-08-28T16:04:53.398+0900][gc,phases     ] GC(2)   Pre Evacuate Collection Set: 0.0ms
[2022-08-28T16:04:53.399+0900][gc,phases     ] GC(2)   Evacuate Collection Set: 3.8ms
[2022-08-28T16:04:53.399+0900][gc,phases     ] GC(2)   Post Evacuate Collection Set: 0.2ms
[2022-08-28T16:04:53.399+0900][gc,phases     ] GC(2)   Other: 0.1ms
[2022-08-28T16:04:53.399+0900][gc,heap       ] GC(2) Eden regions: 44->0(48)
[2022-08-28T16:04:53.399+0900][gc,heap       ] GC(2) Survivor regions: 7->3(7)
[2022-08-28T16:04:53.399+0900][gc,heap       ] GC(2) Old regions: 0->7
[2022-08-28T16:04:53.399+0900][gc,heap       ] GC(2) Humongous regions: 129->129
[2022-08-28T16:04:53.399+0900][gc,metaspace  ] GC(2) Metaspace: 30288K->30288K(1077248K)
[2022-08-28T16:04:53.399+0900][gc            ] GC(2) Pause Young (Normal) (G1 Evacuation Pause) 179M->137M(1024M) 4.355ms
[2022-08-28T16:04:53.399+0900][gc,cpu        ] GC(2) User=0.03s Sys=0.01s Real=0.00s
[2022-08-28T16:04:53.496+0900][gc,start      ] GC(3) Pause Young (Concurrent Start) (Metadata GC Threshold)
[2022-08-28T16:04:53.496+0900][gc,task       ] GC(3) Using 9 workers of 9 for evacuation
[2022-08-28T16:04:53.498+0900][gc,phases     ] GC(3)   Pre Evacuate Collection Set: 0.0ms
[2022-08-28T16:04:53.498+0900][gc,phases     ] GC(3)   Evacuate Collection Set: 1.2ms
[2022-08-28T16:04:53.498+0900][gc,phases     ] GC(3)   Post Evacuate Collection Set: 0.2ms
[2022-08-28T16:04:53.498+0900][gc,phases     ] GC(3)   Other: 0.1ms
[2022-08-28T16:04:53.498+0900][gc,heap       ] GC(3) Eden regions: 23->0(48)
[2022-08-28T16:04:53.498+0900][gc,heap       ] GC(3) Survivor regions: 3->3(7)
[2022-08-28T16:04:53.498+0900][gc,heap       ] GC(3) Old regions: 7->7
[2022-08-28T16:04:53.498+0900][gc,heap       ] GC(3) Humongous regions: 129->129
[2022-08-28T16:04:53.498+0900][gc,metaspace  ] GC(3) Metaspace: 34814K->34814K(1081344K)
[2022-08-28T16:04:53.498+0900][gc            ] GC(3) Pause Young (Concurrent Start) (Metadata GC Threshold) 160M->138M(1024M) 1.620ms
[2022-08-28T16:04:53.498+0900][gc,cpu        ] GC(3) User=0.01s Sys=0.01s Real=0.00s
[2022-08-28T16:04:53.498+0900][gc            ] GC(4) Concurrent Cycle
[2022-08-28T16:04:53.498+0900][gc,marking    ] GC(4) Concurrent Clear Claimed Marks
[2022-08-28T16:04:53.498+0900][gc,marking    ] GC(4) Concurrent Clear Claimed Marks 0.023ms
[2022-08-28T16:04:53.498+0900][gc,marking    ] GC(4) Concurrent Scan Root Regions
[2022-08-28T16:04:53.499+0900][gc,marking    ] GC(4) Concurrent Scan Root Regions 0.613ms
[2022-08-28T16:04:53.499+0900][gc,marking    ] GC(4) Concurrent Mark (1.360s)
[2022-08-28T16:04:53.499+0900][gc,marking    ] GC(4) Concurrent Mark From Roots
[2022-08-28T16:04:53.499+0900][gc,task       ] GC(4) Using 2 workers of 2 for marking
[2022-08-28T16:04:53.501+0900][gc,marking    ] GC(4) Concurrent Mark From Roots 2.219ms
[2022-08-28T16:04:53.501+0900][gc,marking    ] GC(4) Concurrent Preclean
[2022-08-28T16:04:53.501+0900][gc,marking    ] GC(4) Concurrent Preclean 0.032ms
[2022-08-28T16:04:53.501+0900][gc,marking    ] GC(4) Concurrent Mark (1.360s, 1.362s) 2.317ms
[2022-08-28T16:04:53.501+0900][gc,start      ] GC(4) Pause Remark
[2022-08-28T16:04:53.502+0900][gc,stringtable] GC(4) Cleaned string and symbol table, strings: 11077 processed, 10 removed, symbols: 97469 processed, 27 removed
[2022-08-28T16:04:53.502+0900][gc            ] GC(4) Pause Remark 139M->139M(1024M) 0.985ms
[2022-08-28T16:04:53.502+0900][gc,cpu        ] GC(4) User=0.00s Sys=0.00s Real=0.00s
[2022-08-28T16:04:53.502+0900][gc,marking    ] GC(4) Concurrent Rebuild Remembered Sets
[2022-08-28T16:04:53.504+0900][gc,marking    ] GC(4) Concurrent Rebuild Remembered Sets 1.728ms
[2022-08-28T16:04:53.504+0900][gc,start      ] GC(4) Pause Cleanup
[2022-08-28T16:04:53.504+0900][gc            ] GC(4) Pause Cleanup 139M->139M(1024M) 0.131ms
[2022-08-28T16:04:53.504+0900][gc,cpu        ] GC(4) User=0.00s Sys=0.00s Real=0.00s
[2022-08-28T16:04:53.504+0900][gc,marking    ] GC(4) Concurrent Cleanup for Next Mark
[2022-08-28T16:04:53.505+0900][gc,marking    ] GC(4) Concurrent Cleanup for Next Mark 1.247ms
[2022-08-28T16:04:53.506+0900][gc            ] GC(4) Concurrent Cycle 7.472ms
[2022-08-28T16:04:57.746+0900][gc,start      ] GC(5) Pause Young (Normal) (G1 Evacuation Pause)
[2022-08-28T16:04:57.747+0900][gc,task       ] GC(5) Using 9 workers of 9 for evacuation
[2022-08-28T16:04:57.755+0900][gc,phases     ] GC(5)   Pre Evacuate Collection Set: 0.1ms
[2022-08-28T16:04:57.755+0900][gc,phases     ] GC(5)   Evacuate Collection Set: 6.7ms
[2022-08-28T16:04:57.755+0900][gc,phases     ] GC(5)   Post Evacuate Collection Set: 0.5ms
[2022-08-28T16:04:57.755+0900][gc,phases     ] GC(5)   Other: 1.3ms
[2022-08-28T16:04:57.755+0900][gc,heap       ] GC(5) Eden regions: 48->0(44)
[2022-08-28T16:04:57.755+0900][gc,heap       ] GC(5) Survivor regions: 3->7(7)
[2022-08-28T16:04:57.755+0900][gc,heap       ] GC(5) Old regions: 7->7
[2022-08-28T16:04:57.755+0900][gc,heap       ] GC(5) Humongous regions: 129->129
[2022-08-28T16:04:57.755+0900][gc,metaspace  ] GC(5) Metaspace: 42990K->42990K(1087488K)
[2022-08-28T16:04:57.755+0900][gc            ] GC(5) Pause Young (Normal) (G1 Evacuation Pause) 186M->141M(1024M) 8.801ms
[2022-08-28T16:04:57.755+0900][gc,cpu        ] GC(5) User=0.04s Sys=0.00s Real=0.01s
[2022-08-28T16:09:31.154+0900][gc,heap,exit  ] Heap
[2022-08-28T16:09:31.154+0900][gc,heap,exit  ]  garbage-first heap   total 1048576K, used 160761K [0x0000000780000000, 0x00000007c0000000)
[2022-08-28T16:09:31.154+0900][gc,heap,exit  ]   region size 1024K, 23 young (23552K), 7 survivors (7168K)
[2022-08-28T16:09:31.154+0900][gc,heap,exit  ]  Metaspace       used 44421K, capacity 46095K, committed 46208K, reserved 1089536K
[2022-08-28T16:09:31.154+0900][gc,heap,exit  ]   class space    used 5640K, capacity 6441K, committed 6528K, reserved 1048576K
