[2022-08-28T16:14:31.387+0900][gc,heap] Heap region size: 1M
[2022-08-28T16:14:31.389+0900][gc     ] Using G1
[2022-08-28T16:14:31.389+0900][gc,heap,coops] Heap address: 0x0000000780000000, size: 1024 MB, Compressed Oops mode: Zero based, Oop shift amount: 3
[2022-08-28T16:14:31.964+0900][gc,start     ] GC(0) Pause Young (Concurrent Start) (Metadata GC Threshold)
[2022-08-28T16:14:31.964+0900][gc,task      ] GC(0) Using 9 workers of 9 for evacuation
[2022-08-28T16:14:31.969+0900][gc,phases    ] GC(0)   Pre Evacuate Collection Set: 0.0ms
[2022-08-28T16:14:31.969+0900][gc,phases    ] GC(0)   Evacuate Collection Set: 4.5ms
[2022-08-28T16:14:31.969+0900][gc,phases    ] GC(0)   Post Evacuate Collection Set: 0.2ms
[2022-08-28T16:14:31.969+0900][gc,phases    ] GC(0)   Other: 0.3ms
[2022-08-28T16:14:31.969+0900][gc,heap      ] GC(0) Eden regions: 45->0(44)
[2022-08-28T16:14:31.969+0900][gc,heap      ] GC(0) Survivor regions: 0->7(7)
[2022-08-28T16:14:31.969+0900][gc,heap      ] GC(0) Old regions: 0->0
[2022-08-28T16:14:31.969+0900][gc,heap      ] GC(0) Humongous regions: 0->0
[2022-08-28T16:14:31.969+0900][gc,metaspace ] GC(0) Metaspace: 20647K->20647K(1067008K)
[2022-08-28T16:14:31.969+0900][gc           ] GC(0) Pause Young (Concurrent Start) (Metadata GC Threshold) 44M->6M(1024M) 5.199ms
[2022-08-28T16:14:31.969+0900][gc,cpu       ] GC(0) User=0.00s Sys=0.00s Real=0.00s
[2022-08-28T16:14:31.969+0900][gc           ] GC(1) Concurrent Cycle
[2022-08-28T16:14:31.969+0900][gc,marking   ] GC(1) Concurrent Clear Claimed Marks
[2022-08-28T16:14:31.969+0900][gc,marking   ] GC(1) Concurrent Clear Claimed Marks 0.023ms
[2022-08-28T16:14:31.969+0900][gc,marking   ] GC(1) Concurrent Scan Root Regions
[2022-08-28T16:14:31.970+0900][gc,marking   ] GC(1) Concurrent Scan Root Regions 0.951ms
[2022-08-28T16:14:31.970+0900][gc,marking   ] GC(1) Concurrent Mark (0.591s)
[2022-08-28T16:14:31.970+0900][gc,marking   ] GC(1) Concurrent Mark From Roots
[2022-08-28T16:14:31.970+0900][gc,task      ] GC(1) Using 2 workers of 2 for marking
[2022-08-28T16:14:31.970+0900][gc,marking   ] GC(1) Concurrent Mark From Roots 0.120ms
[2022-08-28T16:14:31.970+0900][gc,marking   ] GC(1) Concurrent Preclean
[2022-08-28T16:14:31.970+0900][gc,marking   ] GC(1) Concurrent Preclean 0.019ms
[2022-08-28T16:14:31.970+0900][gc,marking   ] GC(1) Concurrent Mark (0.591s, 0.591s) 0.175ms
[2022-08-28T16:14:31.970+0900][gc,start     ] GC(1) Pause Remark
[2022-08-28T16:14:31.971+0900][gc,stringtable] GC(1) Cleaned string and symbol table, strings: 7379 processed, 0 removed, symbols: 64218 processed, 42 removed
[2022-08-28T16:14:31.971+0900][gc            ] GC(1) Pause Remark 7M->7M(1024M) 1.094ms
[2022-08-28T16:14:31.971+0900][gc,cpu        ] GC(1) User=0.00s Sys=0.00s Real=0.00s
[2022-08-28T16:14:31.971+0900][gc,marking    ] GC(1) Concurrent Rebuild Remembered Sets
[2022-08-28T16:14:31.971+0900][gc,marking    ] GC(1) Concurrent Rebuild Remembered Sets 0.045ms
[2022-08-28T16:14:31.972+0900][gc,start      ] GC(1) Pause Cleanup
[2022-08-28T16:14:31.972+0900][gc            ] GC(1) Pause Cleanup 7M->7M(1024M) 0.093ms
[2022-08-28T16:14:31.972+0900][gc,cpu        ] GC(1) User=0.00s Sys=0.00s Real=0.00s
[2022-08-28T16:14:31.972+0900][gc,marking    ] GC(1) Concurrent Cleanup for Next Mark
[2022-08-28T16:14:31.973+0900][gc,marking    ] GC(1) Concurrent Cleanup for Next Mark 1.603ms
[2022-08-28T16:14:31.973+0900][gc            ] GC(1) Concurrent Cycle 4.415ms
[2022-08-28T16:14:32.661+0900][gc,start      ] GC(2) Pause Young (Normal) (G1 Evacuation Pause)
[2022-08-28T16:14:32.661+0900][gc,task       ] GC(2) Using 9 workers of 9 for evacuation
[2022-08-28T16:14:32.665+0900][gc,phases     ] GC(2)   Pre Evacuate Collection Set: 0.0ms
[2022-08-28T16:14:32.665+0900][gc,phases     ] GC(2)   Evacuate Collection Set: 4.4ms
[2022-08-28T16:14:32.665+0900][gc,phases     ] GC(2)   Post Evacuate Collection Set: 0.2ms
[2022-08-28T16:14:32.665+0900][gc,phases     ] GC(2)   Other: 0.2ms
[2022-08-28T16:14:32.665+0900][gc,heap       ] GC(2) Eden regions: 44->0(48)
[2022-08-28T16:14:32.665+0900][gc,heap       ] GC(2) Survivor regions: 7->3(7)
[2022-08-28T16:14:32.666+0900][gc,heap       ] GC(2) Old regions: 0->7
[2022-08-28T16:14:32.666+0900][gc,heap       ] GC(2) Humongous regions: 129->129
[2022-08-28T16:14:32.666+0900][gc,metaspace  ] GC(2) Metaspace: 30204K->30204K(1077248K)
[2022-08-28T16:14:32.666+0900][gc            ] GC(2) Pause Young (Normal) (G1 Evacuation Pause) 179M->137M(1024M) 4.908ms
[2022-08-28T16:14:32.666+0900][gc,cpu        ] GC(2) User=0.04s Sys=0.01s Real=0.00s
[2022-08-28T16:14:32.763+0900][gc,start      ] GC(3) Pause Young (Concurrent Start) (Metadata GC Threshold)
[2022-08-28T16:14:32.763+0900][gc,task       ] GC(3) Using 9 workers of 9 for evacuation
[2022-08-28T16:14:32.765+0900][gc,phases     ] GC(3)   Pre Evacuate Collection Set: 0.0ms
[2022-08-28T16:14:32.765+0900][gc,phases     ] GC(3)   Evacuate Collection Set: 1.8ms
[2022-08-28T16:14:32.765+0900][gc,phases     ] GC(3)   Post Evacuate Collection Set: 0.1ms
[2022-08-28T16:14:32.765+0900][gc,phases     ] GC(3)   Other: 0.2ms
[2022-08-28T16:14:32.765+0900][gc,heap       ] GC(3) Eden regions: 23->0(48)
[2022-08-28T16:14:32.765+0900][gc,heap       ] GC(3) Survivor regions: 3->3(7)
[2022-08-28T16:14:32.765+0900][gc,heap       ] GC(3) Old regions: 7->7
[2022-08-28T16:14:32.765+0900][gc,heap       ] GC(3) Humongous regions: 129->129
[2022-08-28T16:14:32.765+0900][gc,metaspace  ] GC(3) Metaspace: 34815K->34815K(1081344K)
[2022-08-28T16:14:32.765+0900][gc            ] GC(3) Pause Young (Concurrent Start) (Metadata GC Threshold) 160M->138M(1024M) 2.163ms
[2022-08-28T16:14:32.765+0900][gc,cpu        ] GC(3) User=0.01s Sys=0.00s Real=0.00s
[2022-08-28T16:14:32.765+0900][gc            ] GC(4) Concurrent Cycle
[2022-08-28T16:14:32.765+0900][gc,marking    ] GC(4) Concurrent Clear Claimed Marks
[2022-08-28T16:14:32.765+0900][gc,marking    ] GC(4) Concurrent Clear Claimed Marks 0.020ms
[2022-08-28T16:14:32.765+0900][gc,marking    ] GC(4) Concurrent Scan Root Regions
[2022-08-28T16:14:32.765+0900][gc,marking    ] GC(4) Concurrent Scan Root Regions 0.540ms
[2022-08-28T16:14:32.765+0900][gc,marking    ] GC(4) Concurrent Mark (1.386s)
[2022-08-28T16:14:32.765+0900][gc,marking    ] GC(4) Concurrent Mark From Roots
[2022-08-28T16:14:32.765+0900][gc,task       ] GC(4) Using 2 workers of 2 for marking
[2022-08-28T16:14:32.768+0900][gc,marking    ] GC(4) Concurrent Mark From Roots 2.143ms
[2022-08-28T16:14:32.768+0900][gc,marking    ] GC(4) Concurrent Preclean
[2022-08-28T16:14:32.768+0900][gc,marking    ] GC(4) Concurrent Preclean 0.030ms
[2022-08-28T16:14:32.768+0900][gc,marking    ] GC(4) Concurrent Mark (1.386s, 1.388s) 2.221ms
[2022-08-28T16:14:32.768+0900][gc,start      ] GC(4) Pause Remark
[2022-08-28T16:14:32.769+0900][gc,stringtable] GC(4) Cleaned string and symbol table, strings: 11074 processed, 10 removed, symbols: 97455 processed, 27 removed
[2022-08-28T16:14:32.769+0900][gc            ] GC(4) Pause Remark 139M->139M(1024M) 1.371ms
[2022-08-28T16:14:32.769+0900][gc,cpu        ] GC(4) User=0.01s Sys=0.00s Real=0.00s
[2022-08-28T16:14:32.769+0900][gc,marking    ] GC(4) Concurrent Rebuild Remembered Sets
[2022-08-28T16:14:32.771+0900][gc,marking    ] GC(4) Concurrent Rebuild Remembered Sets 1.683ms
[2022-08-28T16:14:32.771+0900][gc,start      ] GC(4) Pause Cleanup
[2022-08-28T16:14:32.771+0900][gc            ] GC(4) Pause Cleanup 139M->139M(1024M) 0.154ms
[2022-08-28T16:14:32.771+0900][gc,cpu        ] GC(4) User=0.00s Sys=0.00s Real=0.00s
[2022-08-28T16:14:32.771+0900][gc,marking    ] GC(4) Concurrent Cleanup for Next Mark
[2022-08-28T16:14:32.773+0900][gc,marking    ] GC(4) Concurrent Cleanup for Next Mark 1.434ms
[2022-08-28T16:14:32.773+0900][gc            ] GC(4) Concurrent Cycle 7.874ms
[2022-08-28T16:14:33.589+0900][gc,start      ] GC(5) Pause Young (Normal) (G1 Evacuation Pause)
[2022-08-28T16:14:33.589+0900][gc,task       ] GC(5) Using 9 workers of 9 for evacuation
[2022-08-28T16:14:33.609+0900][gc,phases     ] GC(5)   Pre Evacuate Collection Set: 0.2ms
[2022-08-28T16:14:33.609+0900][gc,phases     ] GC(5)   Evacuate Collection Set: 18.3ms
[2022-08-28T16:14:33.609+0900][gc,phases     ] GC(5)   Post Evacuate Collection Set: 0.5ms
[2022-08-28T16:14:33.609+0900][gc,phases     ] GC(5)   Other: 1.2ms
[2022-08-28T16:14:33.609+0900][gc,heap       ] GC(5) Eden regions: 48->0(44)
[2022-08-28T16:14:33.609+0900][gc,heap       ] GC(5) Survivor regions: 3->7(7)
[2022-08-28T16:14:33.609+0900][gc,heap       ] GC(5) Old regions: 7->7
[2022-08-28T16:14:33.609+0900][gc,heap       ] GC(5) Humongous regions: 129->129
[2022-08-28T16:14:33.609+0900][gc,metaspace  ] GC(5) Metaspace: 42956K->42956K(1087488K)
[2022-08-28T16:14:33.609+0900][gc            ] GC(5) Pause Young (Normal) (G1 Evacuation Pause) 186M->141M(1024M) 20.316ms
[2022-08-28T16:14:33.609+0900][gc,cpu        ] GC(5) User=0.04s Sys=0.00s Real=0.02s
[2022-08-28T16:16:10.276+0900][gc,start      ] GC(6) Pause Young (Normal) (G1 Evacuation Pause)
[2022-08-28T16:16:10.276+0900][gc,task       ] GC(6) Using 9 workers of 9 for evacuation
[2022-08-28T16:16:10.279+0900][gc,phases     ] GC(6)   Pre Evacuate Collection Set: 0.0ms
[2022-08-28T16:16:10.280+0900][gc,phases     ] GC(6)   Evacuate Collection Set: 2.7ms
[2022-08-28T16:16:10.280+0900][gc,phases     ] GC(6)   Post Evacuate Collection Set: 0.3ms
[2022-08-28T16:16:10.280+0900][gc,phases     ] GC(6)   Other: 0.2ms
[2022-08-28T16:16:10.280+0900][gc,heap       ] GC(6) Eden regions: 44->0(48)
[2022-08-28T16:16:10.280+0900][gc,heap       ] GC(6) Survivor regions: 7->3(7)
[2022-08-28T16:16:10.280+0900][gc,heap       ] GC(6) Old regions: 7->13
[2022-08-28T16:16:10.280+0900][gc,heap       ] GC(6) Humongous regions: 129->129
[2022-08-28T16:16:10.280+0900][gc,metaspace  ] GC(6) Metaspace: 49140K->49140K(1093632K)
[2022-08-28T16:16:10.280+0900][gc            ] GC(6) Pause Young (Normal) (G1 Evacuation Pause) 185M->144M(1024M) 3.383ms
[2022-08-28T16:16:10.280+0900][gc,cpu        ] GC(6) User=0.02s Sys=0.00s Real=0.01s
[2022-08-28T16:44:33.542+0900][gc,start      ] GC(7) Pause Young (Normal) (G1 Evacuation Pause)
[2022-08-28T16:44:33.542+0900][gc,task       ] GC(7) Using 9 workers of 9 for evacuation
[2022-08-28T16:44:33.560+0900][gc,phases     ] GC(7)   Pre Evacuate Collection Set: 0.5ms
[2022-08-28T16:44:33.560+0900][gc,phases     ] GC(7)   Evacuate Collection Set: 16.3ms
[2022-08-28T16:44:33.560+0900][gc,phases     ] GC(7)   Post Evacuate Collection Set: 0.5ms
[2022-08-28T16:44:33.560+0900][gc,phases     ] GC(7)   Other: 1.4ms
[2022-08-28T16:44:33.560+0900][gc,heap       ] GC(7) Eden regions: 48->0(47)
[2022-08-28T16:44:33.560+0900][gc,heap       ] GC(7) Survivor regions: 3->4(7)
[2022-08-28T16:44:33.560+0900][gc,heap       ] GC(7) Old regions: 13->13
[2022-08-28T16:44:33.560+0900][gc,heap       ] GC(7) Humongous regions: 129->129
[2022-08-28T16:44:33.560+0900][gc,metaspace  ] GC(7) Metaspace: 50960K->50960K(1095680K)
[2022-08-28T16:44:33.560+0900][gc            ] GC(7) Pause Young (Normal) (G1 Evacuation Pause) 192M->145M(1024M) 18.910ms
[2022-08-28T16:44:33.561+0900][gc,cpu        ] GC(7) User=0.03s Sys=0.00s Real=0.02s
[2022-08-28T17:21:54.812+0900][gc,start      ] GC(8) Pause Young (Normal) (G1 Evacuation Pause)
[2022-08-28T17:21:54.813+0900][gc,task       ] GC(8) Using 9 workers of 9 for evacuation
[2022-08-28T17:21:54.839+0900][gc,mmu        ] GC(8) MMU target violated: 21.0ms (20.0ms/21.0ms)
[2022-08-28T17:21:54.839+0900][gc,phases     ] GC(8)   Pre Evacuate Collection Set: 0.2ms
[2022-08-28T17:21:54.839+0900][gc,phases     ] GC(8)   Evacuate Collection Set: 23.0ms
[2022-08-28T17:21:54.839+0900][gc,phases     ] GC(8)   Post Evacuate Collection Set: 1.0ms
[2022-08-28T17:21:54.839+0900][gc,phases     ] GC(8)   Other: 3.0ms
[2022-08-28T17:21:54.839+0900][gc,heap       ] GC(8) Eden regions: 47->0(47)
[2022-08-28T17:21:54.839+0900][gc,heap       ] GC(8) Survivor regions: 4->4(7)
[2022-08-28T17:21:54.839+0900][gc,heap       ] GC(8) Old regions: 13->13
[2022-08-28T17:21:54.839+0900][gc,heap       ] GC(8) Humongous regions: 129->129
[2022-08-28T17:21:54.839+0900][gc,metaspace  ] GC(8) Metaspace: 51179K->51179K(1095680K)
[2022-08-28T17:21:54.839+0900][gc            ] GC(8) Pause Young (Normal) (G1 Evacuation Pause) 192M->145M(1024M) 27.265ms
[2022-08-28T17:21:54.839+0900][gc,cpu        ] GC(8) User=0.03s Sys=0.00s Real=0.02s
[2022-08-28T18:00:01.310+0900][gc,start      ] GC(9) Pause Young (Normal) (G1 Evacuation Pause)
[2022-08-28T18:00:01.310+0900][gc,task       ] GC(9) Using 9 workers of 9 for evacuation
[2022-08-28T18:00:01.329+0900][gc,phases     ] GC(9)   Pre Evacuate Collection Set: 0.3ms
[2022-08-28T18:00:01.329+0900][gc,phases     ] GC(9)   Evacuate Collection Set: 17.8ms
[2022-08-28T18:00:01.329+0900][gc,phases     ] GC(9)   Post Evacuate Collection Set: 0.6ms
[2022-08-28T18:00:01.329+0900][gc,phases     ] GC(9)   Other: 1.0ms
[2022-08-28T18:00:01.329+0900][gc,heap       ] GC(9) Eden regions: 47->0(54)
[2022-08-28T18:00:01.329+0900][gc,heap       ] GC(9) Survivor regions: 4->4(7)
[2022-08-28T18:00:01.329+0900][gc,heap       ] GC(9) Old regions: 13->13
[2022-08-28T18:00:01.329+0900][gc,heap       ] GC(9) Humongous regions: 129->129
[2022-08-28T18:00:01.329+0900][gc,metaspace  ] GC(9) Metaspace: 51224K->51224K(1095680K)
[2022-08-28T18:00:01.329+0900][gc            ] GC(9) Pause Young (Normal) (G1 Evacuation Pause) 192M->144M(1024M) 19.894ms
[2022-08-28T18:00:01.329+0900][gc,cpu        ] GC(9) User=0.02s Sys=0.00s Real=0.01s
[2022-08-28T18:05:31.766+0900][gc,heap,exit  ] Heap
[2022-08-28T18:05:31.766+0900][gc,heap,exit  ]  garbage-first heap   total 1048576K, used 166841K [0x0000000780000000, 0x00000007c0000000)
[2022-08-28T18:05:31.766+0900][gc,heap,exit  ]   region size 1024K, 23 young (23552K), 4 survivors (4096K)
[2022-08-28T18:05:31.766+0900][gc,heap,exit  ]  Metaspace       used 52101K, capacity 54987K, committed 55168K, reserved 1095680K
[2022-08-28T18:05:31.766+0900][gc,heap,exit  ]   class space    used 7111K, capacity 8561K, committed 8576K, reserved 1048576K
