[2022-08-29T02:21:28.523+0900][gc,heap] Heap region size: 1M
[2022-08-29T02:21:28.524+0900][gc     ] Using G1
[2022-08-29T02:21:28.524+0900][gc,heap,coops] Heap address: 0x0000000780000000, size: 1024 MB, Compressed Oops mode: Zero based, Oop shift amount: 3
[2022-08-29T02:21:29.109+0900][gc,start     ] GC(0) Pause Young (Concurrent Start) (Metadata GC Threshold)
[2022-08-29T02:21:29.109+0900][gc,task      ] GC(0) Using 9 workers of 9 for evacuation
[2022-08-29T02:21:29.113+0900][gc,phases    ] GC(0)   Pre Evacuate Collection Set: 0.0ms
[2022-08-29T02:21:29.113+0900][gc,phases    ] GC(0)   Evacuate Collection Set: 3.6ms
[2022-08-29T02:21:29.113+0900][gc,phases    ] GC(0)   Post Evacuate Collection Set: 0.2ms
[2022-08-29T02:21:29.113+0900][gc,phases    ] GC(0)   Other: 0.4ms
[2022-08-29T02:21:29.113+0900][gc,heap      ] GC(0) Eden regions: 44->0(44)
[2022-08-29T02:21:29.113+0900][gc,heap      ] GC(0) Survivor regions: 0->7(7)
[2022-08-29T02:21:29.113+0900][gc,heap      ] GC(0) Old regions: 0->0
[2022-08-29T02:21:29.113+0900][gc,heap      ] GC(0) Humongous regions: 0->0
[2022-08-29T02:21:29.113+0900][gc,metaspace ] GC(0) Metaspace: 20655K->20655K(1067008K)
[2022-08-29T02:21:29.113+0900][gc           ] GC(0) Pause Young (Concurrent Start) (Metadata GC Threshold) 44M->6M(1024M) 4.338ms
[2022-08-29T02:21:29.113+0900][gc,cpu       ] GC(0) User=0.01s Sys=0.00s Real=0.01s
[2022-08-29T02:21:29.113+0900][gc           ] GC(1) Concurrent Cycle
[2022-08-29T02:21:29.113+0900][gc,marking   ] GC(1) Concurrent Clear Claimed Marks
[2022-08-29T02:21:29.113+0900][gc,marking   ] GC(1) Concurrent Clear Claimed Marks 0.019ms
[2022-08-29T02:21:29.113+0900][gc,marking   ] GC(1) Concurrent Scan Root Regions
[2022-08-29T02:21:29.114+0900][gc,marking   ] GC(1) Concurrent Scan Root Regions 0.857ms
[2022-08-29T02:21:29.114+0900][gc,marking   ] GC(1) Concurrent Mark (0.607s)
[2022-08-29T02:21:29.114+0900][gc,marking   ] GC(1) Concurrent Mark From Roots
[2022-08-29T02:21:29.114+0900][gc,task      ] GC(1) Using 2 workers of 2 for marking
[2022-08-29T02:21:29.114+0900][gc,marking   ] GC(1) Concurrent Mark From Roots 0.088ms
[2022-08-29T02:21:29.114+0900][gc,marking   ] GC(1) Concurrent Preclean
[2022-08-29T02:21:29.114+0900][gc,marking   ] GC(1) Concurrent Preclean 0.018ms
[2022-08-29T02:21:29.114+0900][gc,marking   ] GC(1) Concurrent Mark (0.607s, 0.607s) 0.138ms
[2022-08-29T02:21:29.114+0900][gc,start     ] GC(1) Pause Remark
[2022-08-29T02:21:29.115+0900][gc,stringtable] GC(1) Cleaned string and symbol table, strings: 7387 processed, 0 removed, symbols: 64205 processed, 42 removed
[2022-08-29T02:21:29.115+0900][gc            ] GC(1) Pause Remark 7M->7M(1024M) 0.855ms
[2022-08-29T02:21:29.115+0900][gc,cpu        ] GC(1) User=0.00s Sys=0.00s Real=0.00s
[2022-08-29T02:21:29.115+0900][gc,marking    ] GC(1) Concurrent Rebuild Remembered Sets
[2022-08-29T02:21:29.115+0900][gc,marking    ] GC(1) Concurrent Rebuild Remembered Sets 0.047ms
[2022-08-29T02:21:29.115+0900][gc,start      ] GC(1) Pause Cleanup
[2022-08-29T02:21:29.115+0900][gc            ] GC(1) Pause Cleanup 7M->7M(1024M) 0.052ms
[2022-08-29T02:21:29.115+0900][gc,cpu        ] GC(1) User=0.00s Sys=0.00s Real=0.00s
[2022-08-29T02:21:29.115+0900][gc,marking    ] GC(1) Concurrent Cleanup for Next Mark
[2022-08-29T02:21:29.116+0900][gc,marking    ] GC(1) Concurrent Cleanup for Next Mark 1.155ms
[2022-08-29T02:21:29.116+0900][gc            ] GC(1) Concurrent Cycle 3.358ms
[2022-08-29T02:21:30.031+0900][gc,start      ] GC(2) Pause Young (Normal) (G1 Evacuation Pause)
[2022-08-29T02:21:30.031+0900][gc,task       ] GC(2) Using 9 workers of 9 for evacuation
[2022-08-29T02:21:30.036+0900][gc,phases     ] GC(2)   Pre Evacuate Collection Set: 0.0ms
[2022-08-29T02:21:30.036+0900][gc,phases     ] GC(2)   Evacuate Collection Set: 4.0ms
[2022-08-29T02:21:30.036+0900][gc,phases     ] GC(2)   Post Evacuate Collection Set: 0.2ms
[2022-08-29T02:21:30.036+0900][gc,phases     ] GC(2)   Other: 0.1ms
[2022-08-29T02:21:30.036+0900][gc,heap       ] GC(2) Eden regions: 44->0(48)
[2022-08-29T02:21:30.036+0900][gc,heap       ] GC(2) Survivor regions: 7->3(7)
[2022-08-29T02:21:30.036+0900][gc,heap       ] GC(2) Old regions: 0->7
[2022-08-29T02:21:30.036+0900][gc,heap       ] GC(2) Humongous regions: 129->129
[2022-08-29T02:21:30.036+0900][gc,metaspace  ] GC(2) Metaspace: 30176K->30176K(1077248K)
[2022-08-29T02:21:30.036+0900][gc            ] GC(2) Pause Young (Normal) (G1 Evacuation Pause) 179M->137M(1024M) 4.508ms
[2022-08-29T02:21:30.036+0900][gc,cpu        ] GC(2) User=0.03s Sys=0.00s Real=0.00s
[2022-08-29T02:21:30.144+0900][gc,start      ] GC(3) Pause Young (Concurrent Start) (Metadata GC Threshold)
[2022-08-29T02:21:30.144+0900][gc,task       ] GC(3) Using 9 workers of 9 for evacuation
[2022-08-29T02:21:30.146+0900][gc,phases     ] GC(3)   Pre Evacuate Collection Set: 0.0ms
[2022-08-29T02:21:30.146+0900][gc,phases     ] GC(3)   Evacuate Collection Set: 2.0ms
[2022-08-29T02:21:30.146+0900][gc,phases     ] GC(3)   Post Evacuate Collection Set: 0.1ms
[2022-08-29T02:21:30.146+0900][gc,phases     ] GC(3)   Other: 0.2ms
[2022-08-29T02:21:30.146+0900][gc,heap       ] GC(3) Eden regions: 23->0(48)
[2022-08-29T02:21:30.146+0900][gc,heap       ] GC(3) Survivor regions: 3->3(7)
[2022-08-29T02:21:30.146+0900][gc,heap       ] GC(3) Old regions: 7->7
[2022-08-29T02:21:30.146+0900][gc,heap       ] GC(3) Humongous regions: 129->129
[2022-08-29T02:21:30.146+0900][gc,metaspace  ] GC(3) Metaspace: 34821K->34821K(1081344K)
[2022-08-29T02:21:30.146+0900][gc            ] GC(3) Pause Young (Concurrent Start) (Metadata GC Threshold) 160M->138M(1024M) 2.386ms
[2022-08-29T02:21:30.146+0900][gc,cpu        ] GC(3) User=0.01s Sys=0.00s Real=0.00s
[2022-08-29T02:21:30.146+0900][gc            ] GC(4) Concurrent Cycle
[2022-08-29T02:21:30.146+0900][gc,marking    ] GC(4) Concurrent Clear Claimed Marks
[2022-08-29T02:21:30.146+0900][gc,marking    ] GC(4) Concurrent Clear Claimed Marks 0.023ms
[2022-08-29T02:21:30.146+0900][gc,marking    ] GC(4) Concurrent Scan Root Regions
[2022-08-29T02:21:30.147+0900][gc,marking    ] GC(4) Concurrent Scan Root Regions 0.704ms
[2022-08-29T02:21:30.147+0900][gc,marking    ] GC(4) Concurrent Mark (1.640s)
[2022-08-29T02:21:30.147+0900][gc,marking    ] GC(4) Concurrent Mark From Roots
[2022-08-29T02:21:30.147+0900][gc,task       ] GC(4) Using 2 workers of 2 for marking
[2022-08-29T02:21:30.149+0900][gc,marking    ] GC(4) Concurrent Mark From Roots 2.331ms
[2022-08-29T02:21:30.149+0900][gc,marking    ] GC(4) Concurrent Preclean
[2022-08-29T02:21:30.149+0900][gc,marking    ] GC(4) Concurrent Preclean 0.034ms
[2022-08-29T02:21:30.150+0900][gc,marking    ] GC(4) Concurrent Mark (1.640s, 1.642s) 2.441ms
[2022-08-29T02:21:30.150+0900][gc,start      ] GC(4) Pause Remark
[2022-08-29T02:21:30.150+0900][gc,stringtable] GC(4) Cleaned string and symbol table, strings: 11152 processed, 10 removed, symbols: 97754 processed, 27 removed
[2022-08-29T02:21:30.151+0900][gc            ] GC(4) Pause Remark 139M->139M(1024M) 1.035ms
[2022-08-29T02:21:30.151+0900][gc,cpu        ] GC(4) User=0.01s Sys=0.00s Real=0.00s
[2022-08-29T02:21:30.151+0900][gc,marking    ] GC(4) Concurrent Rebuild Remembered Sets
[2022-08-29T02:21:30.152+0900][gc,marking    ] GC(4) Concurrent Rebuild Remembered Sets 1.750ms
[2022-08-29T02:21:30.152+0900][gc,start      ] GC(4) Pause Cleanup
[2022-08-29T02:21:30.153+0900][gc            ] GC(4) Pause Cleanup 139M->139M(1024M) 0.071ms
[2022-08-29T02:21:30.153+0900][gc,cpu        ] GC(4) User=0.00s Sys=0.00s Real=0.00s
[2022-08-29T02:21:30.153+0900][gc,marking    ] GC(4) Concurrent Cleanup for Next Mark
[2022-08-29T02:21:30.154+0900][gc,marking    ] GC(4) Concurrent Cleanup for Next Mark 1.153ms
[2022-08-29T02:21:30.154+0900][gc            ] GC(4) Concurrent Cycle 7.493ms
[2022-08-29T02:21:45.015+0900][gc,start      ] GC(5) Pause Young (Normal) (G1 Evacuation Pause)
[2022-08-29T02:21:45.016+0900][gc,task       ] GC(5) Using 9 workers of 9 for evacuation
[2022-08-29T02:21:45.022+0900][gc,phases     ] GC(5)   Pre Evacuate Collection Set: 0.2ms
[2022-08-29T02:21:45.022+0900][gc,phases     ] GC(5)   Evacuate Collection Set: 4.8ms
[2022-08-29T02:21:45.022+0900][gc,phases     ] GC(5)   Post Evacuate Collection Set: 0.6ms
[2022-08-29T02:21:45.022+0900][gc,phases     ] GC(5)   Other: 1.2ms
[2022-08-29T02:21:45.022+0900][gc,heap       ] GC(5) Eden regions: 48->0(44)
[2022-08-29T02:21:45.022+0900][gc,heap       ] GC(5) Survivor regions: 3->7(7)
[2022-08-29T02:21:45.023+0900][gc,heap       ] GC(5) Old regions: 7->7
[2022-08-29T02:21:45.023+0900][gc,heap       ] GC(5) Humongous regions: 129->129
[2022-08-29T02:21:45.023+0900][gc,metaspace  ] GC(5) Metaspace: 43129K->43129K(1087488K)
[2022-08-29T02:21:45.023+0900][gc            ] GC(5) Pause Young (Normal) (G1 Evacuation Pause) 186M->141M(1024M) 7.249ms
[2022-08-29T02:21:45.023+0900][gc,cpu        ] GC(5) User=0.04s Sys=0.00s Real=0.01s
[2022-08-29T02:42:32.615+0900][gc,start      ] GC(6) Pause Young (Normal) (G1 Evacuation Pause)
[2022-08-29T02:42:32.615+0900][gc,task       ] GC(6) Using 9 workers of 9 for evacuation
[2022-08-29T02:42:32.619+0900][gc,phases     ] GC(6)   Pre Evacuate Collection Set: 0.0ms
[2022-08-29T02:42:32.619+0900][gc,phases     ] GC(6)   Evacuate Collection Set: 3.1ms
[2022-08-29T02:42:32.619+0900][gc,phases     ] GC(6)   Post Evacuate Collection Set: 0.3ms
[2022-08-29T02:42:32.619+0900][gc,phases     ] GC(6)   Other: 0.2ms
[2022-08-29T02:42:32.619+0900][gc,heap       ] GC(6) Eden regions: 44->0(49)
[2022-08-29T02:42:32.619+0900][gc,heap       ] GC(6) Survivor regions: 7->2(7)
[2022-08-29T02:42:32.619+0900][gc,heap       ] GC(6) Old regions: 7->12
[2022-08-29T02:42:32.619+0900][gc,heap       ] GC(6) Humongous regions: 129->0
[2022-08-29T02:42:32.619+0900][gc,metaspace  ] GC(6) Metaspace: 49039K->49039K(1093632K)
[2022-08-29T02:42:32.619+0900][gc            ] GC(6) Pause Young (Normal) (G1 Evacuation Pause) 185M->13M(1024M) 3.854ms
[2022-08-29T02:42:32.619+0900][gc,cpu        ] GC(6) User=0.03s Sys=0.00s Real=0.00s
[2022-08-29T02:42:32.626+0900][gc,heap,exit  ] Heap
[2022-08-29T02:42:32.626+0900][gc,heap,exit  ]  garbage-first heap   total 1048576K, used 15441K [0x0000000780000000, 0x00000007c0000000)
[2022-08-29T02:42:32.626+0900][gc,heap,exit  ]   region size 1024K, 5 young (5120K), 2 survivors (2048K)
[2022-08-29T02:42:32.626+0900][gc,heap,exit  ]  Metaspace       used 49073K, capacity 51653K, committed 51840K, reserved 1093632K
[2022-08-29T02:42:32.626+0900][gc,heap,exit  ]   class space    used 6672K, capacity 7954K, committed 8064K, reserved 1048576K
