[2022-08-28T15:35:35.109+0900][gc,heap] Heap region size: 1M
[2022-08-28T15:35:35.111+0900][gc     ] Using G1
[2022-08-28T15:35:35.111+0900][gc,heap,coops] Heap address: 0x0000000780000000, size: 1024 MB, Compressed Oops mode: Zero based, Oop shift amount: 3
[2022-08-28T15:35:35.647+0900][gc,start     ] GC(0) Pause Young (Concurrent Start) (Metadata GC Threshold)
[2022-08-28T15:35:35.647+0900][gc,task      ] GC(0) Using 9 workers of 9 for evacuation
[2022-08-28T15:35:35.651+0900][gc,phases    ] GC(0)   Pre Evacuate Collection Set: 0.0ms
[2022-08-28T15:35:35.652+0900][gc,phases    ] GC(0)   Evacuate Collection Set: 3.7ms
[2022-08-28T15:35:35.652+0900][gc,phases    ] GC(0)   Post Evacuate Collection Set: 0.2ms
[2022-08-28T15:35:35.652+0900][gc,phases    ] GC(0)   Other: 0.4ms
[2022-08-28T15:35:35.652+0900][gc,heap      ] GC(0) Eden regions: 45->0(44)
[2022-08-28T15:35:35.652+0900][gc,heap      ] GC(0) Survivor regions: 0->7(7)
[2022-08-28T15:35:35.652+0900][gc,heap      ] GC(0) Old regions: 0->0
[2022-08-28T15:35:35.652+0900][gc,heap      ] GC(0) Humongous regions: 0->0
[2022-08-28T15:35:35.652+0900][gc,metaspace ] GC(0) Metaspace: 20645K->20645K(1067008K)
[2022-08-28T15:35:35.652+0900][gc           ] GC(0) Pause Young (Concurrent Start) (Metadata GC Threshold) 44M->6M(1024M) 4.442ms
[2022-08-28T15:35:35.652+0900][gc,cpu       ] GC(0) User=0.01s Sys=0.01s Real=0.01s
[2022-08-28T15:35:35.652+0900][gc           ] GC(1) Concurrent Cycle
[2022-08-28T15:35:35.652+0900][gc,marking   ] GC(1) Concurrent Clear Claimed Marks
[2022-08-28T15:35:35.652+0900][gc,marking   ] GC(1) Concurrent Clear Claimed Marks 0.019ms
[2022-08-28T15:35:35.652+0900][gc,marking   ] GC(1) Concurrent Scan Root Regions
[2022-08-28T15:35:35.653+0900][gc,marking   ] GC(1) Concurrent Scan Root Regions 0.822ms
[2022-08-28T15:35:35.653+0900][gc,marking   ] GC(1) Concurrent Mark (0.550s)
[2022-08-28T15:35:35.653+0900][gc,marking   ] GC(1) Concurrent Mark From Roots
[2022-08-28T15:35:35.653+0900][gc,task      ] GC(1) Using 2 workers of 2 for marking
[2022-08-28T15:35:35.653+0900][gc,marking   ] GC(1) Concurrent Mark From Roots 0.142ms
[2022-08-28T15:35:35.653+0900][gc,marking   ] GC(1) Concurrent Preclean
[2022-08-28T15:35:35.653+0900][gc,marking   ] GC(1) Concurrent Preclean 0.022ms
[2022-08-28T15:35:35.653+0900][gc,marking   ] GC(1) Concurrent Mark (0.550s, 0.550s) 0.216ms
[2022-08-28T15:35:35.653+0900][gc,start     ] GC(1) Pause Remark
[2022-08-28T15:35:35.654+0900][gc,stringtable] GC(1) Cleaned string and symbol table, strings: 7368 processed, 0 removed, symbols: 64218 processed, 42 removed
[2022-08-28T15:35:35.654+0900][gc            ] GC(1) Pause Remark 7M->7M(1024M) 0.863ms
[2022-08-28T15:35:35.654+0900][gc,cpu        ] GC(1) User=0.01s Sys=0.00s Real=0.00s
[2022-08-28T15:35:35.654+0900][gc,marking    ] GC(1) Concurrent Rebuild Remembered Sets
[2022-08-28T15:35:35.654+0900][gc,marking    ] GC(1) Concurrent Rebuild Remembered Sets 0.044ms
[2022-08-28T15:35:35.654+0900][gc,start      ] GC(1) Pause Cleanup
[2022-08-28T15:35:35.654+0900][gc            ] GC(1) Pause Cleanup 7M->7M(1024M) 0.096ms
[2022-08-28T15:35:35.654+0900][gc,cpu        ] GC(1) User=0.00s Sys=0.00s Real=0.00s
[2022-08-28T15:35:35.654+0900][gc,marking    ] GC(1) Concurrent Cleanup for Next Mark
[2022-08-28T15:35:35.655+0900][gc,marking    ] GC(1) Concurrent Cleanup for Next Mark 1.286ms
[2022-08-28T15:35:35.655+0900][gc            ] GC(1) Concurrent Cycle 3.799ms
[2022-08-28T15:35:36.546+0900][gc,start      ] GC(2) Pause Young (Normal) (G1 Evacuation Pause)
[2022-08-28T15:35:36.546+0900][gc,task       ] GC(2) Using 9 workers of 9 for evacuation
[2022-08-28T15:35:36.550+0900][gc,phases     ] GC(2)   Pre Evacuate Collection Set: 0.0ms
[2022-08-28T15:35:36.550+0900][gc,phases     ] GC(2)   Evacuate Collection Set: 3.9ms
[2022-08-28T15:35:36.550+0900][gc,phases     ] GC(2)   Post Evacuate Collection Set: 0.2ms
[2022-08-28T15:35:36.550+0900][gc,phases     ] GC(2)   Other: 0.2ms
[2022-08-28T15:35:36.550+0900][gc,heap       ] GC(2) Eden regions: 44->0(48)
[2022-08-28T15:35:36.550+0900][gc,heap       ] GC(2) Survivor regions: 7->3(7)
[2022-08-28T15:35:36.550+0900][gc,heap       ] GC(2) Old regions: 0->7
[2022-08-28T15:35:36.550+0900][gc,heap       ] GC(2) Humongous regions: 129->129
[2022-08-28T15:35:36.550+0900][gc,metaspace  ] GC(2) Metaspace: 30182K->30182K(1077248K)
[2022-08-28T15:35:36.550+0900][gc            ] GC(2) Pause Young (Normal) (G1 Evacuation Pause) 179M->137M(1024M) 4.457ms
[2022-08-28T15:35:36.550+0900][gc,cpu        ] GC(2) User=0.02s Sys=0.00s Real=0.01s
[2022-08-28T15:35:36.651+0900][gc,start      ] GC(3) Pause Young (Concurrent Start) (Metadata GC Threshold)
[2022-08-28T15:35:36.651+0900][gc,task       ] GC(3) Using 9 workers of 9 for evacuation
[2022-08-28T15:35:36.653+0900][gc,phases     ] GC(3)   Pre Evacuate Collection Set: 0.0ms
[2022-08-28T15:35:36.653+0900][gc,phases     ] GC(3)   Evacuate Collection Set: 1.7ms
[2022-08-28T15:35:36.653+0900][gc,phases     ] GC(3)   Post Evacuate Collection Set: 0.1ms
[2022-08-28T15:35:36.653+0900][gc,phases     ] GC(3)   Other: 0.1ms
[2022-08-28T15:35:36.653+0900][gc,heap       ] GC(3) Eden regions: 23->0(48)
[2022-08-28T15:35:36.653+0900][gc,heap       ] GC(3) Survivor regions: 3->3(7)
[2022-08-28T15:35:36.653+0900][gc,heap       ] GC(3) Old regions: 7->7
[2022-08-28T15:35:36.653+0900][gc,heap       ] GC(3) Humongous regions: 129->129
[2022-08-28T15:35:36.653+0900][gc,metaspace  ] GC(3) Metaspace: 34826K->34826K(1081344K)
[2022-08-28T15:35:36.653+0900][gc            ] GC(3) Pause Young (Concurrent Start) (Metadata GC Threshold) 160M->138M(1024M) 2.039ms
[2022-08-28T15:35:36.653+0900][gc,cpu        ] GC(3) User=0.00s Sys=0.00s Real=0.00s
[2022-08-28T15:35:36.653+0900][gc            ] GC(4) Concurrent Cycle
[2022-08-28T15:35:36.653+0900][gc,marking    ] GC(4) Concurrent Clear Claimed Marks
[2022-08-28T15:35:36.653+0900][gc,marking    ] GC(4) Concurrent Clear Claimed Marks 0.026ms
[2022-08-28T15:35:36.653+0900][gc,marking    ] GC(4) Concurrent Scan Root Regions
[2022-08-28T15:35:36.654+0900][gc,marking    ] GC(4) Concurrent Scan Root Regions 0.651ms
[2022-08-28T15:35:36.654+0900][gc,marking    ] GC(4) Concurrent Mark (1.551s)
[2022-08-28T15:35:36.654+0900][gc,marking    ] GC(4) Concurrent Mark From Roots
[2022-08-28T15:35:36.654+0900][gc,task       ] GC(4) Using 2 workers of 2 for marking
[2022-08-28T15:35:36.657+0900][gc,marking    ] GC(4) Concurrent Mark From Roots 2.634ms
[2022-08-28T15:35:36.657+0900][gc,marking    ] GC(4) Concurrent Preclean
[2022-08-28T15:35:36.657+0900][gc,marking    ] GC(4) Concurrent Preclean 0.042ms
[2022-08-28T15:35:36.657+0900][gc,marking    ] GC(4) Concurrent Mark (1.551s, 1.554s) 2.753ms
[2022-08-28T15:35:36.657+0900][gc,start      ] GC(4) Pause Remark
[2022-08-28T15:35:36.659+0900][gc,stringtable] GC(4) Cleaned string and symbol table, strings: 11164 processed, 10 removed, symbols: 97739 processed, 28 removed
[2022-08-28T15:35:36.659+0900][gc            ] GC(4) Pause Remark 139M->139M(1024M) 1.916ms
[2022-08-28T15:35:36.659+0900][gc,cpu        ] GC(4) User=0.01s Sys=0.00s Real=0.00s
[2022-08-28T15:35:36.659+0900][gc,marking    ] GC(4) Concurrent Rebuild Remembered Sets
[2022-08-28T15:35:36.661+0900][gc,marking    ] GC(4) Concurrent Rebuild Remembered Sets 1.911ms
[2022-08-28T15:35:36.661+0900][gc,start      ] GC(4) Pause Cleanup
[2022-08-28T15:35:36.661+0900][gc            ] GC(4) Pause Cleanup 139M->139M(1024M) 0.101ms
[2022-08-28T15:35:36.661+0900][gc,cpu        ] GC(4) User=0.00s Sys=0.00s Real=0.00s
[2022-08-28T15:35:36.661+0900][gc,marking    ] GC(4) Concurrent Cleanup for Next Mark
[2022-08-28T15:35:36.663+0900][gc,marking    ] GC(4) Concurrent Cleanup for Next Mark 1.550ms
[2022-08-28T15:35:36.663+0900][gc            ] GC(4) Concurrent Cycle 9.417ms
[2022-08-28T15:35:51.539+0900][gc,start      ] GC(5) Pause Young (Normal) (G1 Evacuation Pause)
[2022-08-28T15:35:51.539+0900][gc,task       ] GC(5) Using 9 workers of 9 for evacuation
[2022-08-28T15:35:51.545+0900][gc,phases     ] GC(5)   Pre Evacuate Collection Set: 0.1ms
[2022-08-28T15:35:51.545+0900][gc,phases     ] GC(5)   Evacuate Collection Set: 4.7ms
[2022-08-28T15:35:51.545+0900][gc,phases     ] GC(5)   Post Evacuate Collection Set: 0.5ms
[2022-08-28T15:35:51.545+0900][gc,phases     ] GC(5)   Other: 0.4ms
[2022-08-28T15:35:51.545+0900][gc,heap       ] GC(5) Eden regions: 48->0(44)
[2022-08-28T15:35:51.545+0900][gc,heap       ] GC(5) Survivor regions: 3->7(7)
[2022-08-28T15:35:51.545+0900][gc,heap       ] GC(5) Old regions: 7->7
[2022-08-28T15:35:51.545+0900][gc,heap       ] GC(5) Humongous regions: 129->129
[2022-08-28T15:35:51.545+0900][gc,metaspace  ] GC(5) Metaspace: 43122K->43122K(1087488K)
[2022-08-28T15:35:51.545+0900][gc            ] GC(5) Pause Young (Normal) (G1 Evacuation Pause) 186M->141M(1024M) 6.038ms
[2022-08-28T15:35:51.545+0900][gc,cpu        ] GC(5) User=0.03s Sys=0.00s Real=0.01s
[2022-08-28T15:49:48.201+0900][gc,heap,exit  ] Heap
[2022-08-28T15:49:48.201+0900][gc,heap,exit  ]  garbage-first heap   total 1048576K, used 161714K [0x0000000780000000, 0x00000007c0000000)
[2022-08-28T15:49:48.201+0900][gc,heap,exit  ]   region size 1024K, 25 young (25600K), 7 survivors (7168K)
[2022-08-28T15:49:48.201+0900][gc,heap,exit  ]  Metaspace       used 44530K, capacity 46238K, committed 46464K, reserved 1089536K
[2022-08-28T15:49:48.201+0900][gc,heap,exit  ]   class space    used 5648K, capacity 6443K, committed 6528K, reserved 1048576K
