[2022-08-28T15:31:29.618+0900][gc,heap] Heap region size: 1M
[2022-08-28T15:31:29.619+0900][gc     ] Using G1
[2022-08-28T15:31:29.619+0900][gc,heap,coops] Heap address: 0x00000007a0000000, size: 512 MB, Compressed Oops mode: Zero based, Oop shift amount: 3
[2022-08-28T15:31:36.320+0900][gc,start     ] GC(0) Pause Young (Normal) (G1 Evacuation Pause)
[2022-08-28T15:31:36.321+0900][gc,task      ] GC(0) Using 9 workers of 9 for evacuation
[2022-08-28T15:31:36.324+0900][gc,phases    ] GC(0)   Pre Evacuate Collection Set: 0.0ms
[2022-08-28T15:31:36.324+0900][gc,phases    ] GC(0)   Evacuate Collection Set: 2.9ms
[2022-08-28T15:31:36.324+0900][gc,phases    ] GC(0)   Post Evacuate Collection Set: 0.2ms
[2022-08-28T15:31:36.324+0900][gc,phases    ] GC(0)   Other: 0.3ms
[2022-08-28T15:31:36.324+0900][gc,heap      ] GC(0) Eden regions: 25->0(21)
[2022-08-28T15:31:36.324+0900][gc,heap      ] GC(0) Survivor regions: 0->4(4)
[2022-08-28T15:31:36.324+0900][gc,heap      ] GC(0) Old regions: 0->4
[2022-08-28T15:31:36.324+0900][gc,heap      ] GC(0) Humongous regions: 0->0
[2022-08-28T15:31:36.324+0900][gc,metaspace ] GC(0) Metaspace: 14615K->14615K(1062912K)
[2022-08-28T15:31:36.324+0900][gc           ] GC(0) Pause Young (Normal) (G1 Evacuation Pause) 25M->7M(512M) 3.514ms
[2022-08-28T15:31:36.324+0900][gc,cpu       ] GC(0) User=0.02s Sys=0.01s Real=0.00s
[2022-08-28T15:32:25.995+0900][gc,heap,exit ] Heap
[2022-08-28T15:32:25.995+0900][gc,heap,exit ]  garbage-first heap   total 524288K, used 11339K [0x00000007a0000000, 0x00000007c0000000)
[2022-08-28T15:32:25.995+0900][gc,heap,exit ]   region size 1024K, 9 young (9216K), 4 survivors (4096K)
[2022-08-28T15:32:25.995+0900][gc,heap,exit ]  Metaspace       used 15304K, capacity 15697K, committed 15872K, reserved 1062912K
[2022-08-28T15:32:25.995+0900][gc,heap,exit ]   class space    used 1566K, capacity 1741K, committed 1792K, reserved 1048576K
